// Jest Snapshot v1, https://goo.gl/fbAQLP

exports[`<CreateUserForm /> should render without crashing 1`] = `
<View
  style={
    Object {
      "flex": 1,
    }
  }
>
  <View
    onLayout={[Function]}
  >
    <View
      style={
        Object {
          "bottom": 0,
        }
      }
    >
      <View
        style={
          Object {
            "alignItems": "center",
            "flex": 1,
            "justifyContent": "center",
            "padding": 20,
          }
        }
      >
        <Text
          appearance="default"
          category="h3"
          style={
            Array [
              Object {
                "color": "#FFFFFF",
                "fontFamily": "System",
                "fontSize": 30,
                "fontWeight": "800",
              },
              Object {
                "bottom": 40,
                "marginTop": 20,
                "textAlign": "center",
              },
            ]
          }
        >
          Welcome!
        </Text>
        <View
          style={
            Object {
              "height": 533.6,
              "width": 750,
            }
          }
        >
          <Image
            fadeDuration={1000}
            resizeMode="cover"
            source={
              Object {
                "testUri": "../../../src/assets/arabica-31.png",
              }
            }
            style={
              Object {
                "height": "100%",
                "width": "100%",
              }
            }
          />
          <Text
            appearance="default"
            category="p1"
            style={
              Array [
                Object {
                  "color": "#FFFFFF",
                  "fontFamily": "System",
                  "fontSize": 15,
                  "fontWeight": "400",
                },
                Object {
                  "bottom": "4%",
                  "paddingRight": 5,
                  "textAlign": "right",
                },
              ]
            }
          >
            illustration by 
            <Text
              appearance="default"
              category="p1"
              onPress={[Function]}
              style={
                Array [
                  Object {
                    "color": "#FFFFFF",
                    "fontFamily": "System",
                    "fontSize": 15,
                    "fontWeight": "400",
                  },
                  Array [
                    Object {
                      "color": "blue",
                      "textDecorationColor": "black",
                      "textDecorationLine": "underline",
                      "textDecorationStyle": "solid",
                    },
                  ],
                ]
              }
            >
              Ouch.pics
            </Text>
          </Text>
        </View>
        <Text
          appearance="default"
          category="h5"
          style={
            Array [
              Object {
                "color": "#FFFFFF",
                "fontFamily": "System",
                "fontSize": 22,
                "fontWeight": "800",
              },
              Object {
                "marginBottom": 50,
                "marginTop": 50,
                "textAlign": "center",
              },
            ]
          }
        >
          How should I call you?
        </Text>
        <View
          style={
            Array [
              Object {
                "alignItems": "center",
                "justifyContent": "center",
                "paddingLeft": 20,
                "paddingRight": 20,
                "width": "100%",
              },
            ]
          }
        >
          <View
            style={Object {}}
          >
            <View
              style={
                Array [
                  Object {
                    "backgroundColor": "#1A2138",
                    "borderColor": "#101426",
                    "borderRadius": 4,
                    "borderWidth": 1,
                    "minHeight": 48,
                    "paddingHorizontal": 8,
                    "paddingVertical": 11,
                  },
                  Object {
                    "alignItems": "center",
                    "flexDirection": "row",
                    "width": "100%",
                  },
                ]
              }
            >
              <TextInput
                allowFontScaling={true}
                appearance="default"
                disabled={false}
                editable={true}
                onBlur={[Function]}
                onChangeText={[Function]}
                onFocus={[Function]}
                onMouseEnter={[Function]}
                onMouseLeave={[Function]}
                placeholder="Enter your name..."
                placeholderTextColor="#8F9BB3"
                rejectResponderTermination={true}
                size="large"
                status="basic"
                style={
                  Array [
                    Object {
                      "color": "#FFFFFF",
                      "fontFamily": "System",
                      "fontSize": 15,
                      "fontWeight": "normal",
                      "marginHorizontal": 8,
                    },
                    Object {
                      "flexBasis": "auto",
                      "flexGrow": 1,
                      "flexShrink": 1,
                    },
                    null,
                    undefined,
                  ]
                }
                testID="createUserInput"
                underlineColorAndroid="transparent"
                value=""
              />
            </View>
            <View
              style={
                Array [
                  Object {
                    "marginTop": 4,
                  },
                  Object {
                    "alignItems": "center",
                    "flexDirection": "row",
                  },
                ]
              }
            />
          </View>
          <View
            accessible={true}
            focusable={true}
            onClick={[Function]}
            onResponderGrant={[Function]}
            onResponderMove={[Function]}
            onResponderRelease={[Function]}
            onResponderTerminate={[Function]}
            onResponderTerminationRequest={[Function]}
            onStartShouldSetResponder={[Function]}
            style={
              Object {
                "alignItems": "center",
                "backgroundColor": "#3366FF",
                "borderColor": "#3366FF",
                "borderRadius": 4,
                "borderWidth": 1,
                "flexDirection": "row",
                "justifyContent": "center",
                "marginTop": 50,
                "minHeight": 32,
                "minWidth": 32,
                "opacity": 1,
                "paddingHorizontal": 8,
                "paddingVertical": 8,
                "width": "100%",
              }
            }
            testID="createUserBtn"
          >
            <Text
              appearance="default"
              category="p1"
              style={
                Array [
                  Object {
                    "color": "#FFFFFF",
                    "fontFamily": "System",
                    "fontSize": 15,
                    "fontWeight": "400",
                  },
                  Object {
                    "color": "#FFFFFF",
                    "fontFamily": "System",
                    "fontSize": 12,
                    "fontWeight": "bold",
                    "marginHorizontal": 8,
                  },
                ]
              }
            >
              Continue
            </Text>
            <View
              style={
                Object {
                  "transform": Array [
                    Object {
                      "scale": 1,
                    },
                  ],
                }
              }
            >
              <RNSVGSvgView
                align="xMidYMid"
                bbHeight={32}
                bbWidth={32}
                fill="#fff"
                focusable={false}
                meetOrSlice={0}
                minX={0}
                minY={0}
                style={
                  Array [
                    Object {
                      "backgroundColor": "transparent",
                      "borderWidth": 0,
                    },
                    Object {
                      "height": 32,
                      "width": 32,
                    },
                    Object {
                      "flex": 0,
                      "height": 32,
                      "width": 32,
                    },
                  ]
                }
                vbHeight={24}
                vbWidth={24}
              >
                <RNSVGGroup
                  fill={4294967295}
                  propList={
                    Array [
                      "fill",
                    ]
                  }
                >
                  <RNSVGGroup>
                    <RNSVGGroup>
                      <RNSVGRect
                        height="24"
                        matrix={
                          Array [
                            6.123233995736766e-17,
                            -1,
                            1,
                            6.123233995736766e-17,
                            0,
                            24,
                          ]
                        }
                        opacity={0}
                        width="24"
                        x={0}
                        y={0}
                      />
                      <RNSVGPath
                        d="M5 13h11.86l-3.63 4.36a1 1 0 0 0 1.54 1.28l5-6a1.19 1.19 0 0 0 .09-.15c0-.05.05-.08.07-.13A1 1 0 0 0 20 12a1 1 0 0 0-.07-.36c0-.05-.05-.08-.07-.13a1.19 1.19 0 0 0-.09-.15l-5-6A1 1 0 0 0 14 5a1 1 0 0 0-.64.23 1 1 0 0 0-.13 1.41L16.86 11H5a1 1 0 0 0 0 2z"
                      />
                    </RNSVGGroup>
                  </RNSVGGroup>
                </RNSVGGroup>
              </RNSVGSvgView>
            </View>
          </View>
        </View>
      </View>
    </View>
  </View>
</View>
`;
