// Jest Snapshot v1, https://goo.gl/fbAQLP

exports[`<AppLogo /> should render without crashing 1`] = `
<View
  style={
    Object {
      "flex": 1,
    }
  }
>
  <View
    style={
      Array [
        Object {
          "flexDirection": "row",
        },
        Object {
          "alignItems": "center",
          "justifyContent": "center",
        },
      ]
    }
  >
    <Text
      appearance="default"
      category="h1"
      style={
        Array [
          Object {
            "color": "#222B45",
            "fontFamily": "System",
            "fontSize": 36,
            "fontWeight": "800",
          },
          Object {
            "color": "#fff",
          },
        ]
      }
    >
      Animaly
    </Text>
    <Text
      allowFontScaling={false}
      style={
        Array [
          Object {
            "color": undefined,
            "fontSize": 40,
          },
          Object {
            "color": "#fff",
          },
          Object {
            "fontFamily": "Material Design Icons",
            "fontStyle": "normal",
            "fontWeight": "normal",
          },
          Object {},
        ]
      }
    >
      ï©ƒ
    </Text>
  </View>
  <View
    style={
      Array [
        Object {
          "flexDirection": "row",
        },
        Object {
          "alignItems": "center",
          "justifyContent": "center",
        },
        Object {
          "marginTop": 5,
        },
      ]
    }
  >
    <Text
      appearance="default"
      category="s2"
      style={
        Array [
          Object {
            "color": "#222B45",
            "fontFamily": "System",
            "fontSize": 13,
            "fontWeight": "600",
          },
          Object {
            "color": "#fff",
          },
        ]
      }
    >
      Your everyday companion.
    </Text>
  </View>
</View>
`;
